May-09 05:17:11.105 [main] DEBUG nextflow.cli.Launcher - $> nextflow run main.nf
May-09 05:17:11.293 [main] DEBUG nextflow.cli.CmdRun - N E X T F L O W  ~  version 24.10.6
May-09 05:17:11.320 [main] DEBUG nextflow.plugin.PluginsFacade - Setting up plugin manager > mode=prod; embedded=false; plugins-dir=/home/samrudhi0409/.nextflow/plugins; core-plugins: nf-amazon@2.9.3,nf-azure@1.10.2,nf-cloudcache@0.4.2,nf-codecommit@0.2.2,nf-console@1.1.4,nf-google@1.15.4,nf-tower@1.9.3,nf-wave@1.7.5
May-09 05:17:11.352 [main] INFO  o.pf4j.DefaultPluginStatusProvider - Enabled plugins: []
May-09 05:17:11.357 [main] INFO  o.pf4j.DefaultPluginStatusProvider - Disabled plugins: []
May-09 05:17:11.361 [main] INFO  org.pf4j.DefaultPluginManager - PF4J version 3.12.0 in 'deployment' mode
May-09 05:17:11.395 [main] INFO  org.pf4j.AbstractPluginManager - No plugins
May-09 05:17:11.429 [main] DEBUG nextflow.config.ConfigBuilder - Found config local: /mnt/c/nextflow_pipeline/nextflow.config
May-09 05:17:11.433 [main] DEBUG nextflow.config.ConfigBuilder - Parsing config file: /mnt/c/nextflow_pipeline/nextflow.config
May-09 05:17:11.485 [main] DEBUG n.secret.LocalSecretsProvider - Secrets store: /home/samrudhi0409/.nextflow/secrets/store.json
May-09 05:17:11.492 [main] DEBUG nextflow.secret.SecretsLoader - Discovered secrets providers: [nextflow.secret.LocalSecretsProvider@4ba89729] - activable => nextflow.secret.LocalSecretsProvider@4ba89729
May-09 05:17:11.501 [main] DEBUG nextflow.config.ConfigBuilder - Applying config profile: `standard`
May-09 05:17:12.135 [main] DEBUG nextflow.cli.CmdRun - Applied DSL=2 by global default
May-09 05:17:12.169 [main] DEBUG nextflow.cli.CmdRun - Launching `main.nf` [nice_fourier] DSL2 - revision: a9bbc7442e
May-09 05:17:12.173 [main] DEBUG nextflow.plugin.PluginsFacade - Plugins default=[]
May-09 05:17:12.174 [main] DEBUG nextflow.plugin.PluginsFacade - Plugins resolved requirement=[]
May-09 05:17:12.294 [main] DEBUG nextflow.Session - Session UUID: 4a5071e9-505b-4945-895d-bcd7bb096596
May-09 05:17:12.297 [main] DEBUG nextflow.Session - Run name: nice_fourier
May-09 05:17:12.300 [main] DEBUG nextflow.Session - Executor pool size: 16
May-09 05:17:12.316 [main] DEBUG nextflow.file.FilePorter - File porter settings maxRetries=3; maxTransfers=50; pollTimeout=null
May-09 05:17:12.331 [main] DEBUG nextflow.util.ThreadPoolBuilder - Creating thread pool 'FileTransfer' minSize=10; maxSize=48; workQueue=LinkedBlockingQueue[-1]; allowCoreThreadTimeout=false
May-09 05:17:12.384 [main] DEBUG nextflow.cli.CmdRun - 
  Version: 24.10.6 build 5937
  Created: 23-04-2025 16:53 UTC 
  System: Linux 6.6.87.2-microsoft-standard-WSL2
  Runtime: Groovy 4.0.23 on OpenJDK 64-Bit Server VM 11.0.8-internal+0-adhoc..src
  Encoding: UTF-8 (UTF-8)
  Process: 1908@LAPTOP-5K59UR82 [127.0.1.1]
  CPUs: 16 - Mem: 7.7 GB (6.9 GB) - Swap: 2 GB (2 GB)
May-09 05:17:12.459 [main] DEBUG nextflow.Session - Work-dir: /mnt/c/nextflow_pipeline/work [v9fs]
May-09 05:17:12.460 [main] DEBUG nextflow.Session - Script base path does not exist or is not a directory: /mnt/c/nextflow_pipeline/bin
May-09 05:17:12.478 [main] DEBUG nextflow.executor.ExecutorFactory - Extension executors providers=[]
May-09 05:17:12.493 [main] DEBUG nextflow.Session - Observer factory: DefaultObserverFactory
May-09 05:17:12.534 [main] DEBUG nextflow.cache.CacheFactory - Using Nextflow cache factory: nextflow.cache.DefaultCacheFactory
May-09 05:17:12.559 [main] DEBUG nextflow.util.CustomThreadPool - Creating default thread pool > poolSize: 17; maxThreads: 1000
May-09 05:17:12.738 [main] DEBUG nextflow.Session - Session start
May-09 05:17:12.947 [main] DEBUG nextflow.script.ScriptRunner - > Launching execution
May-09 05:17:14.060 [main] DEBUG nextflow.executor.ExecutorFactory - << taskConfig executor: local
May-09 05:17:14.062 [main] DEBUG nextflow.executor.ExecutorFactory - >> processorType: 'local'
May-09 05:17:14.074 [main] DEBUG nextflow.executor.Executor - [warm up] executor > local
May-09 05:17:14.087 [main] DEBUG n.processor.LocalPollingMonitor - Creating local task monitor for executor 'local' > cpus=16; memory=7.7 GB; capacity=16; pollInterval=100ms; dumpInterval=5m
May-09 05:17:14.095 [main] DEBUG n.processor.TaskPollingMonitor - >>> barrier register (monitor: local)
May-09 05:17:14.244 [main] DEBUG nextflow.executor.ExecutorFactory - << taskConfig executor: local
May-09 05:17:14.245 [main] DEBUG nextflow.executor.ExecutorFactory - >> processorType: 'local'
May-09 05:17:14.262 [main] DEBUG nextflow.executor.ExecutorFactory - << taskConfig executor: local
May-09 05:17:14.263 [main] DEBUG nextflow.executor.ExecutorFactory - >> processorType: 'local'
May-09 05:17:14.279 [main] DEBUG nextflow.executor.ExecutorFactory - << taskConfig executor: local
May-09 05:17:14.280 [main] DEBUG nextflow.executor.ExecutorFactory - >> processorType: 'local'
May-09 05:17:14.298 [main] DEBUG nextflow.executor.ExecutorFactory - << taskConfig executor: local
May-09 05:17:14.299 [main] DEBUG nextflow.executor.ExecutorFactory - >> processorType: 'local'
May-09 05:17:14.345 [main] DEBUG nextflow.executor.ExecutorFactory - << taskConfig executor: local
May-09 05:17:14.346 [main] DEBUG nextflow.executor.ExecutorFactory - >> processorType: 'local'
May-09 05:17:14.387 [main] DEBUG nextflow.executor.ExecutorFactory - << taskConfig executor: local
May-09 05:17:14.388 [main] DEBUG nextflow.executor.ExecutorFactory - >> processorType: 'local'
May-09 05:17:14.402 [main] DEBUG nextflow.Session - Workflow process names [dsl2]: FASTQC, FASTQC_RAW, QC_PIPELINE:FASTQC_TRIMMED, QC_PIPELINE:CUTADAPT, QC_PIPELINE:VARIANT_CALLING, QC_PIPELINE:ALIGN, QC_PIPELINE:SAM_TO_BAM, SORT_BAM, CUTADAPT, VARIANT_CALLING, ALIGN, SAM_TO_BAM, FASTQC_TRIMMED, QC_PIPELINE:SORT_BAM, QC_PIPELINE:FASTQC_RAW
May-09 05:17:14.405 [main] DEBUG nextflow.Session - Igniting dataflow network (9)
May-09 05:17:14.430 [main] DEBUG nextflow.processor.TaskProcessor - Starting process > QC_PIPELINE:FASTQC_RAW
May-09 05:17:14.433 [main] DEBUG nextflow.processor.TaskProcessor - Starting process > QC_PIPELINE:CUTADAPT
May-09 05:17:14.438 [main] DEBUG nextflow.processor.TaskProcessor - Starting process > QC_PIPELINE:FASTQC_TRIMMED
May-09 05:17:14.439 [PathVisitor-2] DEBUG nextflow.file.PathVisitor - files for syntax: glob; folder: reference/; pattern: chr22.fa*; options: [:]
May-09 05:17:14.443 [main] DEBUG nextflow.processor.TaskProcessor - Starting process > QC_PIPELINE:ALIGN
May-09 05:17:14.447 [main] DEBUG nextflow.processor.TaskProcessor - Starting process > QC_PIPELINE:SAM_TO_BAM
May-09 05:17:14.450 [main] DEBUG nextflow.processor.TaskProcessor - Starting process > QC_PIPELINE:SORT_BAM
May-09 05:17:14.456 [main] DEBUG nextflow.processor.TaskProcessor - Starting process > QC_PIPELINE:VARIANT_CALLING
May-09 05:17:14.462 [main] DEBUG nextflow.script.ScriptRunner - Parsed script files:
  Script_39ecec7f0b3c1ff8: /mnt/c/nextflow_pipeline/./workflows/../modules/cutadapt.nf
  Script_c4f50df6fea5e0f5: /mnt/c/nextflow_pipeline/main.nf
  Script_8939709edc3f59d6: /mnt/c/nextflow_pipeline/./workflows/../modules/fastqc.nf
  Script_0188b6a039cfded3: /mnt/c/nextflow_pipeline/./workflows/workflow.nf
  Script_3cda19ffbbc5064e: /mnt/c/nextflow_pipeline/./workflows/../modules/Sort_bam.nf
  Script_bb091e15b1919b32: /mnt/c/nextflow_pipeline/./workflows/../modules/variant_calling.nf
  Script_0550606f2c878990: /mnt/c/nextflow_pipeline/./workflows/../modules/alignment.nf
  Script_e225823939163706: /mnt/c/nextflow_pipeline/./workflows/../modules/Sam_to_Bam.nf
May-09 05:17:14.463 [main] DEBUG nextflow.script.ScriptRunner - > Awaiting termination 
May-09 05:17:14.463 [main] DEBUG nextflow.Session - Session await
May-09 05:17:14.826 [Task submitter] DEBUG n.executor.local.LocalTaskHandler - Launch cmd line: /bin/bash -ue .command.run
May-09 05:17:14.831 [Task submitter] INFO  nextflow.Session - [24/956d74] Submitted process > QC_PIPELINE:FASTQC_RAW (Sample)
May-09 05:17:14.851 [Task submitter] DEBUG n.executor.local.LocalTaskHandler - Launch cmd line: /bin/bash -ue .command.run
May-09 05:17:14.852 [Task submitter] INFO  nextflow.Session - [83/62e265] Submitted process > QC_PIPELINE:CUTADAPT (Sample)
May-09 05:17:15.668 [Task monitor] DEBUG n.processor.TaskPollingMonitor - Task completed > TaskHandler[id: 2; name: QC_PIPELINE:CUTADAPT (Sample); status: COMPLETED; exit: 0; error: -; workDir: /mnt/c/nextflow_pipeline/work/83/62e2650350a3064c0150790ae0af7b]
May-09 05:17:15.671 [Task monitor] DEBUG nextflow.util.ThreadPoolBuilder - Creating thread pool 'TaskFinalizer' minSize=10; maxSize=48; workQueue=LinkedBlockingQueue[-1]; allowCoreThreadTimeout=false
May-09 05:17:15.747 [Task submitter] DEBUG n.executor.local.LocalTaskHandler - Launch cmd line: /bin/bash -ue .command.run
May-09 05:17:15.748 [Task submitter] INFO  nextflow.Session - [d5/2cb4a5] Submitted process > QC_PIPELINE:FASTQC_TRIMMED (Sample_trimmed)
May-09 05:17:15.804 [Task submitter] DEBUG n.executor.local.LocalTaskHandler - Launch cmd line: /bin/bash -ue .command.run
May-09 05:17:15.806 [Task submitter] INFO  nextflow.Session - [c4/4ef416] Submitted process > QC_PIPELINE:ALIGN (1)
May-09 05:17:20.854 [Task monitor] DEBUG n.processor.TaskPollingMonitor - Task completed > TaskHandler[id: 4; name: QC_PIPELINE:ALIGN (1); status: COMPLETED; exit: 0; error: -; workDir: /mnt/c/nextflow_pipeline/work/c4/4ef416e48ce95bafd17e6c75ed013c]
May-09 05:17:20.898 [Task submitter] DEBUG n.executor.local.LocalTaskHandler - Launch cmd line: /bin/bash -ue .command.run
May-09 05:17:20.899 [Task submitter] INFO  nextflow.Session - [4c/216be7] Submitted process > QC_PIPELINE:SAM_TO_BAM (Sample_trimmed.fastq)
May-09 05:17:21.236 [Task monitor] DEBUG n.processor.TaskPollingMonitor - Task completed > TaskHandler[id: 3; name: QC_PIPELINE:FASTQC_TRIMMED (Sample_trimmed); status: COMPLETED; exit: 0; error: -; workDir: /mnt/c/nextflow_pipeline/work/d5/2cb4a5f5d0fe6350497789bf9ea0d0]
May-09 05:17:21.455 [Task monitor] DEBUG n.processor.TaskPollingMonitor - Task completed > TaskHandler[id: 1; name: QC_PIPELINE:FASTQC_RAW (Sample); status: COMPLETED; exit: 0; error: -; workDir: /mnt/c/nextflow_pipeline/work/24/956d7493fae2fbc7c5f79e36b3a050]
May-09 05:17:21.615 [Task monitor] DEBUG n.processor.TaskPollingMonitor - Task completed > TaskHandler[id: 5; name: QC_PIPELINE:SAM_TO_BAM (Sample_trimmed.fastq); status: COMPLETED; exit: 0; error: -; workDir: /mnt/c/nextflow_pipeline/work/4c/216be7f8f18521d5f55252ae5eb829]
May-09 05:17:21.673 [Task submitter] DEBUG n.executor.local.LocalTaskHandler - Launch cmd line: /bin/bash -ue .command.run
May-09 05:17:21.675 [Task submitter] INFO  nextflow.Session - [95/da021a] Submitted process > QC_PIPELINE:SORT_BAM (Sample_trimmed.fastq)
May-09 05:17:22.100 [Task monitor] DEBUG n.processor.TaskPollingMonitor - Task completed > TaskHandler[id: 6; name: QC_PIPELINE:SORT_BAM (Sample_trimmed.fastq); status: COMPLETED; exit: 0; error: -; workDir: /mnt/c/nextflow_pipeline/work/95/da021a9f0923e9e9d11b8bc0752160]
May-09 05:17:22.190 [Task submitter] DEBUG n.executor.local.LocalTaskHandler - Launch cmd line: /bin/bash -ue .command.run
May-09 05:17:22.192 [Task submitter] INFO  nextflow.Session - [d0/e1dc62] Submitted process > QC_PIPELINE:VARIANT_CALLING (Sample_trimmed.fastq.sorted)
May-09 05:17:23.971 [Task monitor] DEBUG n.processor.TaskPollingMonitor - Task completed > TaskHandler[id: 7; name: QC_PIPELINE:VARIANT_CALLING (Sample_trimmed.fastq.sorted); status: COMPLETED; exit: 0; error: -; workDir: /mnt/c/nextflow_pipeline/work/d0/e1dc6235cd057e510069997ad04743]
May-09 05:17:23.978 [main] DEBUG nextflow.Session - Session await > all processes finished
May-09 05:17:24.072 [Task monitor] DEBUG n.processor.TaskPollingMonitor - <<< barrier arrives (monitor: local) - terminating tasks monitor poll loop
May-09 05:17:24.073 [main] DEBUG nextflow.Session - Session await > all barriers passed
May-09 05:17:24.076 [main] DEBUG nextflow.util.ThreadPoolManager - Thread pool 'TaskFinalizer' shutdown completed (hard=false)
May-09 05:17:24.084 [main] DEBUG n.trace.WorkflowStatsObserver - Workflow completed > WorkflowStats[succeededCount=7; failedCount=0; ignoredCount=0; cachedCount=0; pendingCount=0; submittedCount=0; runningCount=0; retriesCount=0; abortedCount=0; succeedDuration=20.5s; failedDuration=0ms; cachedDuration=0ms;loadCpus=0; loadMemory=0; peakRunning=3; peakCpus=3; peakMemory=0; ]
May-09 05:17:24.161 [main] DEBUG nextflow.cache.CacheDB - Closing CacheDB done
May-09 05:17:24.196 [main] DEBUG nextflow.util.ThreadPoolManager - Thread pool 'FileTransfer' shutdown completed (hard=false)
May-09 05:17:24.198 [main] DEBUG nextflow.script.ScriptRunner - > Execution complete -- Goodbye
