This is cutadapt 4.4 with Python 3.12.3
Command line parameters: -a AGATCGGAAGAGC -o Sample_trimmed.fastq.gz Sample.fastq.gz
Processing single-end reads on 1 core ...
Finished in 0.541 s (29.490 µs/read; 2.03 M reads/minute).

=== Summary ===

Total reads processed:                  18,357
Reads with adapters:                       101 (0.6%)
Reads written (passing filters):        18,357 (100.0%)

Total basepairs processed:     4,107,879 bp
Total written (filtered):      4,106,896 bp (100.0%)

=== Adapter 1 ===

Sequence: AGATCGGAAGAGC; Type: regular 3'; Length: 13; Trimmed: 101 times

Minimum overlap: 3
No. of allowed errors:
1-9 bp: 0; 10-13 bp: 1

Bases preceding removed adapters:
  A: 52.5%
  C: 26.7%
  G: 16.8%
  T: 4.0%
  none/other: 0.0%

Overview of removed sequences
length	count	expect	max.err	error counts
3	60	286.8	0	60
4	32	71.7	0	32
5	2	17.9	0	2
16	2	0.0	1	0 2
29	1	0.0	1	0 1
32	1	0.0	1	0 1
187	1	0.0	1	0 1
191	1	0.0	1	0 1
194	1	0.0	1	0 1
